Microsoft (R) Test Execution Command Line Tool Version ${ToolVersion} Copyright (c) Microsoft Corporation.  All rights reserved.

Starting test execution, please wait...
Information: Running 13 tests...

Passed   TheFixture.AddPassesWithTraits
Passed   TheFixture.AddPassesWithTraits2
Passed   TheFixture.AddPassesWithTraits3
Passed   TestMath.AddPassesWithTraits3
Passed   TestMath.AddPassesWithTraits2
Failed   InstantiationName/ParameterizedTests.SimpleTraits2/2 [(-1,)]

Passed   InstantiationName/ParameterizedTests.SimpleTraits2/0 [(1,)]
Passed   InstantiationName/ParameterizedTests.SimpleTraits/0 [(1,)]
Failed   InstantiationName/ParameterizedTests.SimpleTraits/2 [(-1,)]

Failed   InstantiationName/ParameterizedTests.SimpleTraits/1 [(1,!)]

Failed   InstantiationName/ParameterizedTests.SimpleTraits2/1 [(1,!)]

Failed   ParameterizedTests.SimpleTraits/0 [(0,_)]

Failed   ParameterizedTests.SimpleTraits2/0 [(0,_)]


Total tests: 13. Passed: 7. Failed: 6. Skipped: 0.
Test execution time: ${RunTime}

Error Message:
   Value of: GetParam().i
  Actual: -1
Expected: 1
Stack Trace:
at parameterizedtests.cpp:34 in ${BaseDir}\sampletests\tests\parameterizedtests.cpp:line 34Error Message:
   Value of: GetParam().i
  Actual: -1
Expected: 1
Stack Trace:
at parameterizedtests.cpp:29 in ${BaseDir}\sampletests\tests\parameterizedtests.cpp:line 29Error Message:
   Value of: GetParam().s
  Actual: "!"
Expected: ""
Stack Trace:
at parameterizedtests.cpp:30 in ${BaseDir}\sampletests\tests\parameterizedtests.cpp:line 30Error Message:
   Value of: GetParam().s
  Actual: "!"
Expected: ""
Stack Trace:
at parameterizedtests.cpp:35 in ${BaseDir}\sampletests\tests\parameterizedtests.cpp:line 35Error Message:
   #1 - Value of: GetParam().i
  Actual: 0
Expected: 1
#2 - Value of: GetParam().s
  Actual: "_"
Expected: ""
Stack Trace:
at #1 - parameterizedtests.cpp:29 in ${BaseDir}\sampletests\tests\parameterizedtests.cpp:line 29
at #2 - parameterizedtests.cpp:30 in ${BaseDir}\sampletests\tests\parameterizedtests.cpp:line 30Error Message:
   #1 - Value of: GetParam().i
  Actual: 0
Expected: 1
#2 - Value of: GetParam().s
  Actual: "_"
Expected: ""
Stack Trace:
at #1 - parameterizedtests.cpp:34 in ${BaseDir}\sampletests\tests\parameterizedtests.cpp:line 34
at #2 - parameterizedtests.cpp:35 in ${BaseDir}\sampletests\tests\parameterizedtests.cpp:line 35Test Run Failed.

Information: Test execution completed.



Information: Found ${NrOfTests} tests in executable ${BaseDir}\SampleTests\${ConfigurationName}\Tests.exe

