Microsoft (R) Test Execution Command Line Tool Version ${ToolVersion} Copyright (c) Microsoft Corporation.  All rights reserved.

Starting test execution, please wait...
Warning: Using Isolation mode to run the tests as diagnostic data adapters were enabled in the runsettings. Use the /inIsolation parameter to suppress this warning.
Information: Running 2 tests...

Failed   FooTest.MethodBarDoesAbc

Passed   FooTest.DoesXyz

Total tests: 2. Passed: 1. Failed: 1. Skipped: 0.
Test execution time: ${RunTime}

Error Message:
   #1 - Value of: output_filepath
  Actual: "this/package/testdata/myoutputfile.dat"
Expected: input_filepath
Which is: "this/package/testdata/myinputfile.dat"
Something's not right!!
#2 - Value of: 56456
Expected: 12312
Something's wrong :(
Stack Trace:
at #1 - main.cpp:40 in c:\prod\gtest-1.7.0\staticallylinkedgoogletests\main.cpp:line 40
at #2 - main.cpp:41 in c:\prod\gtest-1.7.0\staticallylinkedgoogletests\main.cpp:line 41Test Run Failed.

Google Test Adapter Coverage Marker

Information: Test execution completed.



Information: Found ${NrOfTests} tests in executable ..\..\..\Core.Tests\bin\${ConfigurationName}\Resources\TestData\_x86\StaticallyLinkedGoogleTests\StaticallyLinkedGoogleTests.exe

