Microsoft (R) Test Execution Command Line Tool Version ${ToolVersion} Copyright (c) Microsoft Corporation.  All rights reserved.

The following Tests are available:
    Crashing.AddFailsBeforeCrash
    Crashing.AddPassesBeforeCrash
    Crashing.TheCrash
    Crashing.AddFailsAfterCrash
    Crashing.AddPassesAfterCrash
    Crashing.LongRunning

Information: Found ${NrOfTests} tests in executable ..\..\..\..\SampleTests\${ConfigurationName}\CrashingTests.exe

