Microsoft (R) Test Execution Command Line Tool Version ${ToolVersion} Copyright (c) Microsoft Corporation.  All rights reserved.

Starting test execution, please wait...
Information: Running 2 tests...

Information: Test execution completed.

Passed   BarTest.DoesXyz
Passed   BarTest.MethodBarDoesAbc

Total tests: 2. Passed: 2. Failed: 0. Skipped: 0.
Test Run Successful.
Test execution time: ${RunTime}

Information: Found ${NrOfTests} tests in executable ..\..\..\Core.Tests\bin\${ConfigurationName}\Resources\TestData\_x86\ExternallyLinkedGoogleTests\ExternallyLinkedGoogleTests.exe


