Microsoft (R) Test Execution Command Line Tool Version ${ToolVersion} Copyright (c) Microsoft Corporation.  All rights reserved.

The following Tests are available:
    FooTest.MethodBarDoesAbc
    FooTest.DoesXyz
Information: Found ${NrOfTests} tests in executable ..\..\..\Core.Tests\bin\${ConfigurationName}\Resources\TestData\_x86\StaticallyLinkedGoogleTests\StaticallyLinkedGoogleTests.exe