Microsoft (R) Test Execution Command Line Tool Version ${ToolVersion} Copyright (c) Microsoft Corporation.  All rights reserved.

The following Tests are available:
    BarTest.MethodBarDoesAbc
    BarTest.DoesXyz
Information: Found ${NrOfTests} tests in executable ${BaseDir}\GoogleTestAdapter\Core.Tests\bin\${ConfigurationName}\Resources\TestData\_x86\ExternallyLinkedGoogleTests\ExternallyLinkedGoogleTests.exe