Microsoft (R) Test Execution Command Line Tool Version ${ToolVersion} Copyright (c) Microsoft Corporation.  All rights reserved.

Starting test execution, please wait...


Error: ERROR: Exception while running tests: Microsoft.VisualStudio.TestPlatform.ObjectModel.Adapter.TestPlatformFormatException: No tests matched the filter because it contains one or more properties that are not valid (*NotExisting). Specify filter expression containing valid properties (FullyQualifiedName, DisplayName, LineNumber, CodeFilePath, ExecutorUri, Id, Source, Type, Author, TestCategory, Class) and try again.
   at WEX.TestExecution.RunContext.GetTestCaseFilter(IEnumerable`1 supportedProperties, Func`2 propertyProvider)
   at GoogleTestAdapter.TestAdapter.Helpers.TestCaseFilter.GetFilterExpression()
   at GoogleTestAdapter.TestAdapter.Helpers.TestCaseFilter.Filter(IEnumerable`1 testCases)
   at GoogleTestAdapter.TestAdapter.TestExecutor.RunTests(IEnumerable`1 executables, IRunContext runContext, IFrameworkHandle frameworkHandle)


Google Test Adapter Coverage Marker
Information: Found ${NrOfTests} tests in executable ${BaseDir}\SampleTests\${ConfigurationName}\Tests.exe