Microsoft (R) Test Execution Command Line Tool Version ${ToolVersion} Copyright (c) Microsoft Corporation.  All rights reserved.

Starting test execution, please wait...
Information: Running 6 tests...

Information: Test execution completed.

Failed   Crashing.AddFailsBeforeCrash

Passed   Crashing.AddPassesBeforeCrash
Failed   Crashing.TheCrash

Skipped  Crashing.AddFailsAfterCrash

Skipped  Crashing.AddPassesAfterCrash

Skipped  Crashing.LongRunning


Total tests: 6. Passed: 1. Failed: 2. Skipped: 3.
Test execution time: ${RunTime}

Error Message:
   Value of: Add(10, 10)
  Actual: 20
Expected: 1000
Stack Trace:
at crashingtests.cpp:12 in ${BaseDir}\sampletests\crashingtests\crashingtests.cpp:line 12Error Message:
   !! This is probably the test that crashed !!
Error Message:
   reason is probably a crash of test Crashing.TheCrash
Stack Trace:
at crash suspect in ${BaseDir}\sampletests\crashingtests\crashingtests.cpp:line 21Error Message:
   reason is probably a crash of test Crashing.TheCrash
Stack Trace:
at crash suspect in ${BaseDir}\sampletests\crashingtests\crashingtests.cpp:line 21Error Message:
   reason is probably a crash of test Crashing.TheCrash
Stack Trace:
at crash suspect in ${BaseDir}\sampletests\crashingtests\crashingtests.cpp:line 21Test Run Failed.
Information: Found ${NrOfTests} tests in executable ${BaseDir}\SampleTests\${ConfigurationName}\CrashingTests.exe


